a	1	A	0	*	*
a	2	A	0	*	*
a	3	A	1	^].	X
a	4	A	1	.	X
a	5	A	1	N	X
a	6	A	1	.	X
a	7	A	1	.$	X
a	8	A	0	*	*
a	9	A	0	*	*
a	10	A	0	*	*
g	1	G	0	*	*
g	2	G	0	*	*
g	3	G	1	^].	X
g	4	G	1	.	X
g	5	G	1	N	X
g	6	G	1	.	X
g	7	G	1	.$	X
g	8	G	0	*	*
g	9	G	0	*	*
g	10	G	0	*	*
